1778653135.513539 client started (1638): version 3.5a, socket /tmp/tmux-1000/default, protocol 8
1778653135.513591 on Linux 6.12.86+deb13-cloud-amd64 #1 SMP PREEMPT_DYNAMIC Debian 6.12.86-1 (2026-05-08)
1778653135.513597 using libevent 2.1.12-stable poll
1778653135.513602 using ncurses 6.5 20250125
1778653135.513625 flags are 0x18010000
1778653135.513644 socket is /tmp/tmux-1000/default
1778653135.513665 trying connect
1778653135.513690 connect failed: Connection refused
1778653135.513703 lock file is /tmp/tmux-1000/default.lock
1778653135.513731 flock succeeded
1778653135.513737 got lock (6)
1778653135.513745 trying connect
1778653135.513756 connect failed: Connection refused
1778653135.514329 add peer 0x7fdab328ba40: 7 ((nil))
1778653135.515194 sending message 111 to peer 0x7fdab328ba40 (8 bytes)
1778653135.515219 sending message 111 to peer 0x7fdab328ba40 (8 bytes)
1778653135.515226 sending message 101 to peer 0x7fdab328ba40 (15 bytes)
1778653135.515232 sending message 109 to peer 0x7fdab328ba40 (4 bytes)
1778653135.515238 sending message 102 to peer 0x7fdab328ba40 (11 bytes)
1778653135.515243 sending message 108 to peer 0x7fdab328ba40 (39 bytes)
1778653135.515249 sending message 112 to peer 0x7fdab328ba40 (58 bytes)
1778653135.515255 sending message 112 to peer 0x7fdab328ba40 (5 bytes)
1778653135.515260 sending message 112 to peer 0x7fdab328ba40 (5 bytes)
1778653135.515266 sending message 112 to peer 0x7fdab328ba40 (6 bytes)
1778653135.515271 sending message 112 to peer 0x7fdab328ba40 (6 bytes)
1778653135.515277 sending message 112 to peer 0x7fdab328ba40 (11 bytes)
1778653135.515282 sending message 112 to peer 0x7fdab328ba40 (10 bytes)
1778653135.515289 sending message 112 to peer 0x7fdab328ba40 (13 bytes)
1778653135.515294 sending message 112 to peer 0x7fdab328ba40 (14 bytes)
1778653135.515300 sending message 112 to peer 0x7fdab328ba40 (19 bytes)
1778653135.515305 sending message 112 to peer 0x7fdab328ba40 (11 bytes)
1778653135.515311 sending message 112 to peer 0x7fdab328ba40 (10 bytes)
1778653135.515317 sending message 112 to peer 0x7fdab328ba40 (15 bytes)
1778653135.515322 sending message 112 to peer 0x7fdab328ba40 (21 bytes)
1778653135.515328 sending message 112 to peer 0x7fdab328ba40 (13 bytes)
1778653135.515334 sending message 112 to peer 0x7fdab328ba40 (7 bytes)
1778653135.515340 sending message 112 to peer 0x7fdab328ba40 (13 bytes)
1778653135.515345 sending message 112 to peer 0x7fdab328ba40 (7 bytes)
1778653135.515351 sending message 112 to peer 0x7fdab328ba40 (13 bytes)
1778653135.515356 sending message 112 to peer 0x7fdab328ba40 (9 bytes)
1778653135.515362 sending message 112 to peer 0x7fdab328ba40 (21 bytes)
1778653135.515368 sending message 112 to peer 0x7fdab328ba40 (13 bytes)
1778653135.515373 sending message 112 to peer 0x7fdab328ba40 (9 bytes)
1778653135.515379 sending message 112 to peer 0x7fdab328ba40 (16 bytes)
1778653135.515384 sending message 112 to peer 0x7fdab328ba40 (13 bytes)
1778653135.515390 sending message 112 to peer 0x7fdab328ba40 (9 bytes)
1778653135.515395 sending message 112 to peer 0x7fdab328ba40 (9 bytes)
1778653135.515401 sending message 112 to peer 0x7fdab328ba40 (12 bytes)
1778653135.515407 sending message 112 to peer 0x7fdab328ba40 (8 bytes)
1778653135.515413 sending message 112 to peer 0x7fdab328ba40 (8 bytes)
1778653135.515419 sending message 112 to peer 0x7fdab328ba40 (13 bytes)
1778653135.515424 sending message 112 to peer 0x7fdab328ba40 (7 bytes)
1778653135.515430 sending message 112 to peer 0x7fdab328ba40 (7 bytes)
1778653135.515435 sending message 112 to peer 0x7fdab328ba40 (9 bytes)
1778653135.515441 sending message 112 to peer 0x7fdab328ba40 (9 bytes)
1778653135.515447 sending message 112 to peer 0x7fdab328ba40 (15 bytes)
1778653135.515452 sending message 112 to peer 0x7fdab328ba40 (13 bytes)
1778653135.515458 sending message 112 to peer 0x7fdab328ba40 (12 bytes)
1778653135.515464 sending message 112 to peer 0x7fdab328ba40 (8 bytes)
1778653135.515469 sending message 112 to peer 0x7fdab328ba40 (14 bytes)
1778653135.515475 sending message 112 to peer 0x7fdab328ba40 (11 bytes)
1778653135.515490 sending message 112 to peer 0x7fdab328ba40 (9 bytes)
1778653135.515496 sending message 112 to peer 0x7fdab328ba40 (10 bytes)
1778653135.515502 sending message 112 to peer 0x7fdab328ba40 (10 bytes)
1778653135.515507 sending message 112 to peer 0x7fdab328ba40 (10 bytes)
1778653135.515513 sending message 112 to peer 0x7fdab328ba40 (10 bytes)
1778653135.515519 sending message 112 to peer 0x7fdab328ba40 (11 bytes)
1778653135.515524 sending message 112 to peer 0x7fdab328ba40 (12 bytes)
1778653135.515531 sending message 112 to peer 0x7fdab328ba40 (12 bytes)
1778653135.515537 sending message 112 to peer 0x7fdab328ba40 (12 bytes)
1778653135.515543 sending message 112 to peer 0x7fdab328ba40 (12 bytes)
1778653135.515548 sending message 112 to peer 0x7fdab328ba40 (12 bytes)
1778653135.515554 sending message 112 to peer 0x7fdab328ba40 (11 bytes)
1778653135.515560 sending message 112 to peer 0x7fdab328ba40 (11 bytes)
1778653135.515565 sending message 112 to peer 0x7fdab328ba40 (12 bytes)
1778653135.515571 sending message 112 to peer 0x7fdab328ba40 (12 bytes)
1778653135.515576 sending message 112 to peer 0x7fdab328ba40 (12 bytes)
1778653135.515582 sending message 112 to peer 0x7fdab328ba40 (12 bytes)
1778653135.515587 sending message 112 to peer 0x7fdab328ba40 (12 bytes)
1778653135.515593 sending message 112 to peer 0x7fdab328ba40 (9 bytes)
1778653135.515599 sending message 112 to peer 0x7fdab328ba40 (12 bytes)
1778653135.515604 sending message 112 to peer 0x7fdab328ba40 (13 bytes)
1778653135.515610 sending message 112 to peer 0x7fdab328ba40 (13 bytes)
1778653135.515616 sending message 112 to peer 0x7fdab328ba40 (13 bytes)
1778653135.515621 sending message 112 to peer 0x7fdab328ba40 (13 bytes)
1778653135.515627 sending message 112 to peer 0x7fdab328ba40 (13 bytes)
1778653135.515632 sending message 112 to peer 0x7fdab328ba40 (8 bytes)
1778653135.515638 sending message 112 to peer 0x7fdab328ba40 (11 bytes)
1778653135.515643 sending message 112 to peer 0x7fdab328ba40 (11 bytes)
1778653135.515649 sending message 112 to peer 0x7fdab328ba40 (11 bytes)
1778653135.515655 sending message 112 to peer 0x7fdab328ba40 (12 bytes)
1778653135.515660 sending message 112 to peer 0x7fdab328ba40 (12 bytes)
1778653135.515666 sending message 112 to peer 0x7fdab328ba40 (12 bytes)
1778653135.515671 sending message 112 to peer 0x7fdab328ba40 (12 bytes)
1778653135.515677 sending message 112 to peer 0x7fdab328ba40 (13 bytes)
1778653135.515682 sending message 112 to peer 0x7fdab328ba40 (13 bytes)
1778653135.515688 sending message 112 to peer 0x7fdab328ba40 (13 bytes)
1778653135.515694 sending message 112 to peer 0x7fdab328ba40 (8 bytes)
1778653135.515699 sending message 112 to peer 0x7fdab328ba40 (13 bytes)
1778653135.515708 sending message 112 to peer 0x7fdab328ba40 (13 bytes)
1778653135.515714 sending message 112 to peer 0x7fdab328ba40 (13 bytes)
1778653135.515720 sending message 112 to peer 0x7fdab328ba40 (13 bytes)
1778653135.515725 sending message 112 to peer 0x7fdab328ba40 (13 bytes)
1778653135.515731 sending message 112 to peer 0x7fdab328ba40 (12 bytes)
1778653135.515737 sending message 112 to peer 0x7fdab328ba40 (12 bytes)
1778653135.515743 sending message 112 to peer 0x7fdab328ba40 (12 bytes)
1778653135.515749 sending message 112 to peer 0x7fdab328ba40 (12 bytes)
1778653135.515755 sending message 112 to peer 0x7fdab328ba40 (13 bytes)
1778653135.515761 sending message 112 to peer 0x7fdab328ba40 (8 bytes)
1778653135.515767 sending message 112 to peer 0x7fdab328ba40 (13 bytes)
1778653135.515773 sending message 112 to peer 0x7fdab328ba40 (13 bytes)
1778653135.515779 sending message 112 to peer 0x7fdab328ba40 (13 bytes)
1778653135.515785 sending message 112 to peer 0x7fdab328ba40 (13 bytes)
1778653135.515790 sending message 112 to peer 0x7fdab328ba40 (13 bytes)
1778653135.515796 sending message 112 to peer 0x7fdab328ba40 (13 bytes)
1778653135.515802 sending message 112 to peer 0x7fdab328ba40 (13 bytes)
1778653135.515808 sending message 112 to peer 0x7fdab328ba40 (12 bytes)
1778653135.515813 sending message 112 to peer 0x7fdab328ba40 (12 bytes)
1778653135.515824 sending message 112 to peer 0x7fdab328ba40 (12 bytes)
1778653135.515830 sending message 112 to peer 0x7fdab328ba40 (8 bytes)
1778653135.515836 sending message 112 to peer 0x7fdab328ba40 (12 bytes)
1778653135.515841 sending message 112 to peer 0x7fdab328ba40 (13 bytes)
1778653135.515847 sending message 112 to peer 0x7fdab328ba40 (13 bytes)
1778653135.515853 sending message 112 to peer 0x7fdab328ba40 (13 bytes)
1778653135.515858 sending message 112 to peer 0x7fdab328ba40 (13 bytes)
1778653135.515864 sending message 112 to peer 0x7fdab328ba40 (13 bytes)
1778653135.515870 sending message 112 to peer 0x7fdab328ba40 (13 bytes)
1778653135.515875 sending message 112 to peer 0x7fdab328ba40 (13 bytes)
1778653135.515881 sending message 112 to peer 0x7fdab328ba40 (13 bytes)
1778653135.515887 sending message 112 to peer 0x7fdab328ba40 (12 bytes)
1778653135.515892 sending message 112 to peer 0x7fdab328ba40 (10 bytes)
1778653135.515898 sending message 112 to peer 0x7fdab328ba40 (12 bytes)
1778653135.515905 sending message 112 to peer 0x7fdab328ba40 (12 bytes)
1778653135.515910 sending message 112 to peer 0x7fdab328ba40 (12 bytes)
1778653135.515916 sending message 112 to peer 0x7fdab328ba40 (13 bytes)
1778653135.515922 sending message 112 to peer 0x7fdab328ba40 (13 bytes)
1778653135.515927 sending message 112 to peer 0x7fdab328ba40 (13 bytes)
1778653135.515933 sending message 112 to peer 0x7fdab328ba40 (13 bytes)
1778653135.515938 sending message 112 to peer 0x7fdab328ba40 (13 bytes)
1778653135.515944 sending message 112 to peer 0x7fdab328ba40 (13 bytes)
1778653135.515950 sending message 112 to peer 0x7fdab328ba40 (13 bytes)
1778653135.515956 sending message 112 to peer 0x7fdab328ba40 (10 bytes)
1778653135.515962 sending message 112 to peer 0x7fdab328ba40 (13 bytes)
1778653135.515968 sending message 112 to peer 0x7fdab328ba40 (12 bytes)
1778653135.515974 sending message 112 to peer 0x7fdab328ba40 (12 bytes)
1778653135.515979 sending message 112 to peer 0x7fdab328ba40 (12 bytes)
1778653135.515985 sending message 112 to peer 0x7fdab328ba40 (10 bytes)
1778653135.515991 sending message 112 to peer 0x7fdab328ba40 (10 bytes)
1778653135.515997 sending message 112 to peer 0x7fdab328ba40 (10 bytes)
1778653135.516003 sending message 112 to peer 0x7fdab328ba40 (12 bytes)
1778653135.516008 sending message 112 to peer 0x7fdab328ba40 (13 bytes)
1778653135.516014 sending message 112 to peer 0x7fdab328ba40 (13 bytes)
1778653135.516020 sending message 112 to peer 0x7fdab328ba40 (13 bytes)
1778653135.516026 sending message 112 to peer 0x7fdab328ba40 (13 bytes)
1778653135.516031 sending message 112 to peer 0x7fdab328ba40 (13 bytes)
1778653135.516037 sending message 112 to peer 0x7fdab328ba40 (10 bytes)
1778653135.516043 sending message 112 to peer 0x7fdab328ba40 (11 bytes)
1778653135.516049 sending message 112 to peer 0x7fdab328ba40 (12 bytes)
1778653135.516054 sending message 112 to peer 0x7fdab328ba40 (12 bytes)
1778653135.516060 sending message 112 to peer 0x7fdab328ba40 (12 bytes)
1778653135.516066 sending message 112 to peer 0x7fdab328ba40 (12 bytes)
1778653135.516072 sending message 112 to peer 0x7fdab328ba40 (12 bytes)
1778653135.516077 sending message 112 to peer 0x7fdab328ba40 (11 bytes)
1778653135.516083 sending message 112 to peer 0x7fdab328ba40 (12 bytes)
1778653135.516089 sending message 112 to peer 0x7fdab328ba40 (12 bytes)
1778653135.516095 sending message 112 to peer 0x7fdab328ba40 (13 bytes)
1778653135.516101 sending message 112 to peer 0x7fdab328ba40 (13 bytes)
1778653135.516106 sending message 112 to peer 0x7fdab328ba40 (13 bytes)
1778653135.516112 sending message 112 to peer 0x7fdab328ba40 (13 bytes)
1778653135.516118 sending message 112 to peer 0x7fdab328ba40 (13 bytes)
1778653135.516123 sending message 112 to peer 0x7fdab328ba40 (10 bytes)
1778653135.516129 sending message 112 to peer 0x7fdab328ba40 (9 bytes)
1778653135.516135 sending message 112 to peer 0x7fdab328ba40 (12 bytes)
1778653135.516141 sending message 112 to peer 0x7fdab328ba40 (13 bytes)
1778653135.516147 sending message 112 to peer 0x7fdab328ba40 (13 bytes)
1778653135.516157 sending message 112 to peer 0x7fdab328ba40 (13 bytes)
1778653135.516163 sending message 112 to peer 0x7fdab328ba40 (13 bytes)
1778653135.516171 sending message 112 to peer 0x7fdab328ba40 (13 bytes)
1778653135.516177 sending message 112 to peer 0x7fdab328ba40 (9 bytes)
1778653135.516183 sending message 112 to peer 0x7fdab328ba40 (12 bytes)
1778653135.516188 sending message 112 to peer 0x7fdab328ba40 (13 bytes)
1778653135.516194 sending message 112 to peer 0x7fdab328ba40 (13 bytes)
1778653135.516199 sending message 112 to peer 0x7fdab328ba40 (13 bytes)
1778653135.516205 sending message 112 to peer 0x7fdab328ba40 (13 bytes)
1778653135.517625 sending message 112 to peer 0x7fdab328ba40 (13 bytes)
1778653135.517642 sending message 112 to peer 0x7fdab328ba40 (11 bytes)
1778653135.517648 sending message 112 to peer 0x7fdab328ba40 (12 bytes)
1778653135.517654 sending message 112 to peer 0x7fdab328ba40 (13 bytes)
1778653135.517660 sending message 112 to peer 0x7fdab328ba40 (13 bytes)
1778653135.517665 sending message 112 to peer 0x7fdab328ba40 (13 bytes)
1778653135.517671 sending message 112 to peer 0x7fdab328ba40 (13 bytes)
1778653135.517677 sending message 112 to peer 0x7fdab328ba40 (13 bytes)
1778653135.517683 sending message 112 to peer 0x7fdab328ba40 (11 bytes)
1778653135.517688 sending message 112 to peer 0x7fdab328ba40 (12 bytes)
1778653135.517694 sending message 112 to peer 0x7fdab328ba40 (12 bytes)
1778653135.517700 sending message 112 to peer 0x7fdab328ba40 (12 bytes)
1778653135.517709 sending message 112 to peer 0x7fdab328ba40 (12 bytes)
1778653135.517714 sending message 112 to peer 0x7fdab328ba40 (12 bytes)
1778653135.517722 sending message 112 to peer 0x7fdab328ba40 (21 bytes)
1778653135.517728 sending message 112 to peer 0x7fdab328ba40 (12 bytes)
1778653135.517734 sending message 112 to peer 0x7fdab328ba40 (9 bytes)
1778653135.517740 sending message 112 to peer 0x7fdab328ba40 (6 bytes)
1778653135.517745 sending message 112 to peer 0x7fdab328ba40 (13 bytes)
1778653135.517751 sending message 112 to peer 0x7fdab328ba40 (10 bytes)
1778653135.517757 sending message 112 to peer 0x7fdab328ba40 (24 bytes)
1778653135.517762 sending message 112 to peer 0x7fdab328ba40 (13 bytes)
1778653135.517768 sending message 112 to peer 0x7fdab328ba40 (9 bytes)
1778653135.517774 sending message 112 to peer 0x7fdab328ba40 (70 bytes)
1778653135.517779 sending message 112 to peer 0x7fdab328ba40 (69 bytes)
1778653135.517785 sending message 112 to peer 0x7fdab328ba40 (12 bytes)
1778653135.517791 sending message 112 to peer 0x7fdab328ba40 (10 bytes)
1778653135.517797 sending message 112 to peer 0x7fdab328ba40 (10 bytes)
1778653135.517802 sending message 112 to peer 0x7fdab328ba40 (24 bytes)
1778653135.517808 sending message 112 to peer 0x7fdab328ba40 (13 bytes)
1778653135.517814 sending message 112 to peer 0x7fdab328ba40 (10 bytes)
1778653135.517819 sending message 112 to peer 0x7fdab328ba40 (10 bytes)
1778653135.517825 sending message 112 to peer 0x7fdab328ba40 (10 bytes)
1778653135.517830 sending message 112 to peer 0x7fdab328ba40 (13 bytes)
1778653135.517836 sending message 112 to peer 0x7fdab328ba40 (15 bytes)
1778653135.517842 sending message 112 to peer 0x7fdab328ba40 (5 bytes)
1778653135.517849 sending message 104 to peer 0x7fdab328ba40 (0 bytes)
1778653135.517855 sending message 110 to peer 0x7fdab328ba40 (0 bytes)
1778653135.517862 sending message 107 to peer 0x7fdab328ba40 (4 bytes)
1778653135.517868 sending message 105 to peer 0x7fdab328ba40 (16 bytes)
1778653135.517874 sending message 105 to peer 0x7fdab328ba40 (43 bytes)
1778653135.517879 sending message 105 to peer 0x7fdab328ba40 (15 bytes)
1778653135.517885 sending message 105 to peer 0x7fdab328ba40 (21 bytes)
1778653135.517890 sending message 105 to peer 0x7fdab328ba40 (15 bytes)
1778653135.517896 sending message 105 to peer 0x7fdab328ba40 (18 bytes)
1778653135.517902 sending message 105 to peer 0x7fdab328ba40 (13 bytes)
1778653135.517907 sending message 105 to peer 0x7fdab328ba40 (1917 bytes)
1778653135.517922 sending message 105 to peer 0x7fdab328ba40 (51 bytes)
1778653135.517943 sending message 105 to peer 0x7fdab328ba40 (23 bytes)
1778653135.517949 sending message 105 to peer 0x7fdab328ba40 (20 bytes)
1778653135.517955 sending message 105 to peer 0x7fdab328ba40 (12 bytes)
1778653135.517960 sending message 105 to peer 0x7fdab328ba40 (8 bytes)
1778653135.517966 sending message 105 to peer 0x7fdab328ba40 (17 bytes)
1778653135.517972 sending message 105 to peer 0x7fdab328ba40 (31 bytes)
1778653135.517978 sending message 105 to peer 0x7fdab328ba40 (33 bytes)
1778653135.517983 sending message 105 to peer 0x7fdab328ba40 (62 bytes)
1778653135.517989 sending message 105 to peer 0x7fdab328ba40 (54 bytes)
1778653135.517994 sending message 105 to peer 0x7fdab328ba40 (19 bytes)
1778653135.518000 sending message 105 to peer 0x7fdab328ba40 (16 bytes)
1778653135.518006 sending message 105 to peer 0x7fdab328ba40 (31 bytes)
1778653135.518012 sending message 106 to peer 0x7fdab328ba40 (0 bytes)
1778653135.518080 sending message 200 to peer 0x7fdab328ba40 (4 bytes)
1778653135.518086 client loop enter
1778653135.518110 client_signal: Child exited
1778653135.664354 peer 0x7fdab328ba40 message 207
1778653135.664388 sending message 208 to peer 0x7fdab328ba40 (0 bytes)
1778653140.782629 peer 0x7fdab328ba40 message 201
1778653140.782666 sending message 205 to peer 0x7fdab328ba40 (0 bytes)
1778653140.783382 peer 0x7fdab328ba40 message 204
1778653140.783397 client loop exit
